
> backend@1.0.0 build
> nest build

npm : [96msrc/tickets/tickets.controller.ts[0m:[93m127[0m:[93m34[0m - 
[91merror[0m[90m TS2339: [0mProperty 'saveMessage' does not exist on type 
'WhatsappService'.
En línea: 1 Carácter: 62
+ ... as\\Documents\\GitHub\\motorola-backend" ; npm run build 2>&1 | tee b ...
+                                                ~~~~~~~~~~~~~~~~~~
    + CategoryInfo          : NotSpecified: ([96msrc/ticket...atsappService'. 
   :String) [], RemoteException
    + FullyQualifiedErrorId : NativeCommandError
 

[7m127[0m       await this.whatsappService.saveMessage(reporterPhone, 'bot', 
msg).catch(() => null);
[7m   [0m [91m                                 ~~~~~~~~~~~[0m
[96msrc/tickets/tickets.controller.ts[0m:[93m128[0m:[93m34[0m - 
[91merror[0m[90m TS2339: [0mProperty 'sendMessage' does not exist on type 
'WhatsappService'.

[7m128[0m       await this.whatsappService.sendMessage(reporterPhone, 
msg).catch(() => null);
[7m   [0m [91m                                 ~~~~~~~~~~~[0m
[96msrc/whatsapp/_internal/flows/create-flow.service.ts[0m:[93m35[0m:[93m1
1[0m - [91merror[0m[90m TS2322: [0mType 'unknown' is not assignable to 
type 'FieldValues'.
  Index signature for type 'string' is missing in type '{}'.

[7m35[0m     const fieldValues: FieldValues = session.fieldValues || {};
[7m  [0m [91m          ~~~~~~~~~~~[0m
[96msrc/whatsapp/_internal/flows/create-flow.service.ts[0m:[93m81[0m:[93m1
1[0m - [91merror[0m[90m TS2322: [0mType 'unknown' is not assignable to 
type 'FieldValues'.
  Index signature for type 'string' is missing in type '{}'.

[7m81[0m     const fieldValues: FieldValues = session.fieldValues || {};
[7m  [0m [91m          ~~~~~~~~~~~[0m
[96msrc/whatsapp/_internal/flows/create-flow.service.ts[0m:[93m230[0m:[93m
18[0m - [91merror[0m[90m TS2339: [0mProperty 'createTicket' does not 
exist on type 'WhatsappCreateFlowService'.

[7m230[0m       await this.createTicket(phone, sessionRef, fieldValues, 
send);
[7m   [0m [91m                 ~~~~~~~~~~~~[0m
[96msrc/whatsapp/_internal/flows/delete-flow.service.ts[0m:[93m59[0m:[93m1
1[0m - [91merror[0m[90m TS2740: [0mType '{}' is missing the following 
properties from type 'PendingTicket[]': length, pop, push, concat, and 29 more.

[7m59[0m     const tickets: PendingTicket[] = session.pendingTickets || [];
[7m  [0m [91m          ~~~~~~~[0m
[96msrc/whatsapp/_internal/flows/edit-flow.service.ts[0m:[93m59[0m:[93m11
[0m - [91merror[0m[90m TS2740: [0mType '{}' is missing the following 
properties from type 'PendingTicket[]': length, pop, push, concat, and 29 more.

[7m59[0m     const tickets: PendingTicket[] = session.pendingTickets || [];
[7m  [0m [91m          ~~~~~~~[0m
[96msrc/whatsapp/_internal/flows/edit-flow.service.ts[0m:[93m306[0m:[93m5
[0m - [91merror[0m[90m TS2322: [0mType 'Promise<WriteResult>' is not 
assignable to type 'Promise<void>'.
  Type 'WriteResult' is not assignable to type 'void'.

[7m306[0m     return sessionRef.set(
[7m   [0m [91m    ~~~~~~[0m
[96msrc/whatsapp/_internal/flows/edit-photos-flow.service.ts[0m:[93m172[0m:
[93m5[0m - [91merror[0m[90m TS2322: [0mType 'Promise<WriteResult>' is 
not assignable to type 'Promise<void>'.
  Type 'WriteResult' is not assignable to type 'void'.

[7m172[0m     return sessionRef.set(
[7m   [0m [91m    ~~~~~~[0m
[96msrc/whatsapp/_internal/flows/main-flow.service.ts[0m:[93m48[0m:[93m11
[0m - [91merror[0m[90m TS2740: [0mType '{}' is missing the following 
properties from type 'any[]': length, pop, push, concat, and 29 more.

[7m48[0m     const tickets: any[] = session.pendingTickets || [];
[7m  [0m [91m          ~~~~~~~[0m
[96msrc/whatsapp/_internal/flows/view-flow.service.ts[0m:[93m54[0m:[93m11
[0m - [91merror[0m[90m TS2740: [0mType '{}' is missing the following 
properties from type 'PendingTicket[]': length, pop, push, concat, and 29 more.

[7m54[0m     const tickets: PendingTicket[] = session.pendingTickets || [];
[7m  [0m [91m          ~~~~~~~[0m
[96msrc/whatsapp/_internal/whatsapp-field-update.service.ts[0m:[93m85[0m:[
93m9[0m - [91merror[0m[90m TS2322: [0mType 'unknown' is not assignable to 
type 'string'.

[7m85[0m       { ticketNumber: ticketData.ticketNumber ?? '', action: 
'editado', ...extraVarsEdit },
[7m  [0m [91m        ~~~~~~~~~~~~[0m
[96msrc/whatsapp/whatsapp.controller.ts[0m:[93m142[0m:[93m32[0m - 
[91merror[0m[90m TS2339: [0mProperty 'sendAdminMessage' does not exist on 
type 'WhatsappService'.

[7m142[0m     await this.whatsappService.sendAdminMessage(body.to, 
body.message);
[7m   [0m [91m                               ~~~~~~~~~~~~~~~~[0m
[96msrc/whatsapp/whatsapp.controller.ts[0m:[93m175[0m:[93m32[0m - 
[91merror[0m[90m TS2339: [0mProperty 'sendAdminMessage' does not exist on 
type 'WhatsappService'.

[7m175[0m     await this.whatsappService.sendAdminMessage(body.to, 
body.text);
[7m   [0m [91m                               ~~~~~~~~~~~~~~~~[0m
[96msrc/whatsapp/whatsapp.service.ts[0m:[93m208[0m:[93m1[0m - 
[91merror[0m[90m TS1128: [0mDeclaration or statement expected.

[7m208[0m }
[7m   [0m [91m~[0m

Found 15 error(s).

